// Jest Snapshot v1, https://goo.gl/fbAQLP

exports[`expect to render Card component 1`] = `
<div
  className="bg-light-blue dib br3 pa1 pv3 ma2 grow ba bw1 b--blue shadow-5"
>
  <img
    alt="robots"
    height="200px"
    src="https://robohash.org/undefined?size=200x200"
    width="200px"
  />
  <div
    style={
      Object {
        "width": "300px",
      }
    }
  >
    <h2 />
    <p />
  </div>
</div>
`;
