// Jest Snapshot v1, https://goo.gl/fbAQLP

exports[`correctly increments the counter 1`] = `
<button
  className="mb3 ph3 pv1 br4 bw1"
  id="counter"
  onClick={[Function]}
>
  Count: 
  3
</button>
`;

exports[`renders without crashing 1`] = `
<button
  className="mb3 ph3 pv1 br4 bw1"
  id="counter"
  onClick={[Function]}
>
  Count: 
  0
</button>
`;
